<html>
<body>
<pre>
<h1>µVision Build Log</h1>
<h2>Tool Versions:</h2>
IDE-Version: µVision V5.29.0.0
Copyright (C) 2019 ARM Ltd and ARM Germany GmbH. All rights reserved.
License Information: Álvaro Serdotte, dgsdg, LIC=----
 
Tool Versions:
Toolchain:       MDK-Lite  Version: 5.29.0.0
Toolchain Path:  C:\Keil_v5\ARM\ARMCC\Bin
C Compiler:      Armcc.exe V5.06 update 6 (build 750)
Assembler:       Armasm.exe V5.06 update 6 (build 750)
Linker/Locator:  ArmLink.exe V5.06 update 6 (build 750)
Library Manager: ArmAr.exe V5.06 update 6 (build 750)
Hex Converter:   FromElf.exe V5.06 update 6 (build 750)
CPU DLL:         SARMCM3.DLL V5.29.0.0
Dialog DLL:      DCM.DLL V1.17.3.0
Target DLL:      STLink\ST-LINKIII-KEIL_SWO.dll V3.0.7.0
Dialog DLL:      TCM.DLL V1.36.5.0
 
<h2>Project:</h2>
E:\Google Drive\Projetos\BigInverter\MDK-ARM\BigInverter.uvprojx
Project File Date:  05/25/2021

<h2>Output:</h2>
*** Using Compiler 'V5.06 update 6 (build 750)', folder: 'C:\Keil_v5\ARM\ARMCC\Bin'
Build target 'BigInverter'
compiling main.c...
../Src/main.c(68): warning:  #1295-D: Deprecated declaration error - give arg types
  static void error();
../Src/main.c(69): warning:  #1295-D: Deprecated declaration example - give arg types
  void example();
../Src/main.c(132): warning:  #188-D: enumerated type mixed with another type
  	HAL_GPIO_WritePin(nRF24_CSN_GPIO_Port,nRF24_CSN_Pin,0);
../Src/main.c(135): warning:  #188-D: enumerated type mixed with another type
  	HAL_GPIO_WritePin(nRF24_CSN_GPIO_Port,nRF24_CSN_Pin,1);
../Src/main.c(138): warning:  #188-D: enumerated type mixed with another type
  	HAL_GPIO_WritePin(nRF24_CE_GPIO_Port,nRF24_CE_Pin,0);
../Src/main.c(141): warning:  #188-D: enumerated type mixed with another type
  	HAL_GPIO_WritePin(nRF24_CE_GPIO_Port,nRF24_CE_Pin,1);
../Src/main.c(159): warning:  #188-D: enumerated type mixed with another type
  		HAL_GPIO_WritePin(LED_GPIO_Port, LED_Pin,1);
../Src/main.c(323): warning:  #188-D: enumerated type mixed with another type
  		HAL_GPIO_WritePin(LED_GPIO_Port, LED_Pin,0);
../Src/main.c(360): warning:  #550-D: variable "merda"  was set but never used
  int merda;
../Src/main.c(484): warning:  #188-D: enumerated type mixed with another type
  	HAL_GPIO_WritePin(relay2_GPIO_Port,relay2_Pin,1);	
../Src/main.c(68): warning:  #177-D: function "error"  was declared but never referenced
  static void error();
../Src/main.c: 11 warnings, 0 errors
linking...
Program Size: Code=11988 RO-data=1320 RW-data=204 ZI-data=1724  
FromELF: creating hex file...
".\BigInverter\BigInverter.axf" - 0 Error(s), 11 Warning(s).

<h2>Software Packages used:</h2>

Package Vendor: ARM
                http://www.keil.com/pack/ARM.CMSIS.5.6.0.pack
                ARM.CMSIS.5.6.0
                CMSIS (Cortex Microcontroller Software Interface Standard)
   * Component: CORE Version: 5.3.0
   * Component: DSP Variant: Library Version: 1.7.0

Package Vendor: Keil
                http://www.keil.com/pack/Keil.STM32F1xx_DFP.2.3.0.pack
                Keil.STM32F1xx_DFP.2.3.0
                STMicroelectronics STM32F1 Series Device Support, Drivers and Examples

<h2>Collection of Component include folders:</h2>
  .\RTE\_BigInverter
  C:\Users\alvar\AppData\Local\Arm\Packs\ARM\CMSIS\5.6.0\CMSIS\Core\Include
  C:\Users\alvar\AppData\Local\Arm\Packs\ARM\CMSIS\5.6.0\CMSIS\DSP\Include
  C:\Users\alvar\AppData\Local\Arm\Packs\Keil\STM32F1xx_DFP\2.3.0\Device\Include

<h2>Collection of Component Files used:</h2>

   * Component: ARM::CMSIS:CORE:5.3.0

   * Component: ARM::CMSIS:DSP:Library:1.7.0
      Include file:  CMSIS\DSP\Include\arm_math.h
      Library file:  CMSIS\DSP\Lib\ARM\arm_cortexM3l_math.lib
Build Time Elapsed:  00:00:01
</pre>
</body>
</html>
